Assuming unrestricted shared filesystem usage.
host: DESKTOP-8T79RVB
Building DAG of jobs...
Provided cores: 1 (use --cores to define parallelism)
Rules claiming more threads will be scaled down.
Job stats:
job             count
------------  -------
all                 1
pm25_metrics        2
pubmed_fetch        2
report              1
total               6

Select jobs to execute...
Execute 1 jobs...
[Mon Feb  2 20:14:49 2026]
localrule pubmed_fetch:
    output: results/literature/2024/pubmed_papers.csv, results/literature/2024/summary_by_year.csv, results/literature/2024/top_journals.csv
    jobid: 4
    reason: Missing output files: results/literature/2024/summary_by_year.csv, results/literature/2024/pubmed_papers.csv, results/literature/2024/top_journals.csv
    wildcards: year=2024
    resources: tmpdir=C:\Users\agnie\AppData\Local\Temp
Select jobs to execute...
[Mon Feb  2 20:15:00 2026]
Finished jobid: 4 (Rule: pubmed_fetch)
1 of 6 steps (17%) done
Execute 1 jobs...
[Mon Feb  2 20:15:00 2026]
localrule pubmed_fetch:
    output: results/literature/2021/pubmed_papers.csv, results/literature/2021/summary_by_year.csv, results/literature/2021/top_journals.csv
    jobid: 3
    reason: Missing output files: results/literature/2021/top_journals.csv, results/literature/2021/pubmed_papers.csv, results/literature/2021/summary_by_year.csv
    wildcards: year=2021
    resources: tmpdir=C:\Users\agnie\AppData\Local\Temp
Select jobs to execute...
[Mon Feb  2 20:15:05 2026]
Finished jobid: 3 (Rule: pubmed_fetch)
2 of 6 steps (33%) done
Execute 1 jobs...
[Mon Feb  2 20:15:05 2026]
localrule pm25_metrics:
    output: results/pm25/2021/exceedance_days.csv, results/pm25/2021/monthly_means.csv, results/pm25/2021/figures/monthly_trends.png, results/pm25/2021/figures/heatmaps.png
    jobid: 1
    reason: Missing output files: results/pm25/2021/figures/monthly_trends.png, results/pm25/2021/monthly_means.csv, results/pm25/2021/exceedance_days.csv
    wildcards: year=2021
    resources: tmpdir=C:\Users\agnie\AppData\Local\Temp
RuleException:
CalledProcessError in file "C:\Users\agnie\Desktop\ztp\ZTP_zad3\Snakefile_task4", line 21:
Command 'python src/pm25/run_pm25_pipeline.py             --year 2021             --daily_norm 15             --cities Warszawa Katowice             --outdir results/pm25/2021' returned non-zero exit status 2.
[Mon Feb  2 20:15:05 2026]
Error in rule pm25_metrics:
    message: None
    jobid: 1
    output: results/pm25/2021/exceedance_days.csv, results/pm25/2021/monthly_means.csv, results/pm25/2021/figures/monthly_trends.png, results/pm25/2021/figures/heatmaps.png
    shell:
        
        python src/pm25/run_pm25_pipeline.py             --year 2021             --daily_norm 15             --cities Warszawa Katowice             --outdir results/pm25/2021         
        (command exited with non-zero exit code)
Shutting down, this might take some time.
Exiting because a job execution failed. Look below for error messages
[Mon Feb  2 20:15:05 2026]
Error in rule pm25_metrics:
    message: None
    jobid: 1
    output: results/pm25/2021/exceedance_days.csv, results/pm25/2021/monthly_means.csv, results/pm25/2021/figures/monthly_trends.png, results/pm25/2021/figures/heatmaps.png
    shell:
        
        python src/pm25/run_pm25_pipeline.py             --year 2021             --daily_norm 15             --cities Warszawa Katowice             --outdir results/pm25/2021         
        (command exited with non-zero exit code)
Complete log(s): C:\Users\agnie\Desktop\ztp\ZTP_zad3\.snakemake\log\2026-02-02T201448.718000.snakemake.log
WorkflowError:
At least one job did not complete successfully.
