Assuming unrestricted shared filesystem usage.
host: DESKTOP-8T79RVB
Building DAG of jobs...
Provided cores: 1 (use --cores to define parallelism)
Rules claiming more threads will be scaled down.
Job stats:
job             count
------------  -------
all                 1
pm25_metrics        1
report              1
total               3

Select jobs to execute...
Execute 1 jobs...
[Mon Feb  2 21:15:38 2026]
localrule pm25_metrics:
    output: results/pm25/2024/exceedance_days.csv, results/pm25/2024/monthly_means.csv, results/pm25/2024/figures/monthly_trends.png, results/pm25/2024/figures/heatmaps.png
    jobid: 2
    reason: Missing output files: results/pm25/2024/exceedance_days.csv, results/pm25/2024/monthly_means.csv, results/pm25/2024/figures/monthly_trends.png
    wildcards: year=2024
    resources: tmpdir=C:\Users\agnie\AppData\Local\Temp
RuleException:
CalledProcessError in file "C:\Users\agnie\Desktop\ztp\ZTP_zad3\Snakefile_task4", line 21:
Command 'python src/pm25/run_pm25_pipeline.py             --year 2024             --daily_norm 15             --cities Warszawa Katowice             --outdir results/pm25/2024' returned non-zero exit status 2.
[Mon Feb  2 21:15:38 2026]
Error in rule pm25_metrics:
    message: None
    jobid: 2
    output: results/pm25/2024/exceedance_days.csv, results/pm25/2024/monthly_means.csv, results/pm25/2024/figures/monthly_trends.png, results/pm25/2024/figures/heatmaps.png
    shell:
        
        python src/pm25/run_pm25_pipeline.py             --year 2024             --daily_norm 15             --cities Warszawa Katowice             --outdir results/pm25/2024         
        (command exited with non-zero exit code)
Shutting down, this might take some time.
Exiting because a job execution failed. Look below for error messages
[Mon Feb  2 21:15:38 2026]
Error in rule pm25_metrics:
    message: None
    jobid: 2
    output: results/pm25/2024/exceedance_days.csv, results/pm25/2024/monthly_means.csv, results/pm25/2024/figures/monthly_trends.png, results/pm25/2024/figures/heatmaps.png
    shell:
        
        python src/pm25/run_pm25_pipeline.py             --year 2024             --daily_norm 15             --cities Warszawa Katowice             --outdir results/pm25/2024         
        (command exited with non-zero exit code)
Complete log(s): C:\Users\agnie\Desktop\ztp\ZTP_zad3\.snakemake\log\2026-02-02T211538.230072.snakemake.log
WorkflowError:
At least one job did not complete successfully.
