Assuming unrestricted shared filesystem usage.
host: DESKTOP-8T79RVB
Building DAG of jobs...
Provided cores: 1 (use --cores to define parallelism)
Rules claiming more threads will be scaled down.
Job stats:
job             count
------------  -------
all                 1
pm25_metrics        2
report              1
total               4

Select jobs to execute...
Execute 1 jobs...
[Mon Feb  2 21:20:46 2026]
localrule pm25_metrics:
    output: results/pm25/2021/exceedance_days.csv, results/pm25/2021/monthly_means.csv, results/pm25/2021/figures/monthly_trends.png, results/pm25/2021/figures/monthly_means.png
    jobid: 1
    reason: Missing output files: results/pm25/2021/figures/monthly_trends.png, results/pm25/2021/exceedance_days.csv, results/pm25/2021/monthly_means.csv
    wildcards: year=2021
    resources: tmpdir=C:\Users\agnie\AppData\Local\Temp
Select jobs to execute...
Waiting at most 5 seconds for missing files:
results/pm25/2021/figures/monthly_means.png (missing locally)
MissingOutputException in rule pm25_metrics in file "C:\Users\agnie\Desktop\ztp\ZTP_zad3\Snakefile_task4", line 11:
Job 1  completed successfully, but some output files are missing. Missing files after 5 seconds. This might be due to filesystem latency. If that is the case, consider to increase the wait time with --latency-wait:
results/pm25/2021/figures/monthly_means.png (missing locally, parent dir contents: exceedance_days.png, monthly_trends.png)
Removing output files of failed job pm25_metrics since they might be corrupted:
results/pm25/2021/exceedance_days.csv, results/pm25/2021/monthly_means.csv, results/pm25/2021/figures/monthly_trends.png
Shutting down, this might take some time.
Exiting because a job execution failed. Look below for error messages
[Mon Feb  2 21:21:24 2026]
Error in rule pm25_metrics:
    message: None
    jobid: 1
    output: results/pm25/2021/exceedance_days.csv, results/pm25/2021/monthly_means.csv, results/pm25/2021/figures/monthly_trends.png, results/pm25/2021/figures/monthly_means.png
    shell:
        
        python src/pm25/running_pm25.py             --year 2021             --daily_norm 15             --cities Warszawa Katowice             --outdir results/pm25/2021         
        (command exited with non-zero exit code)
Complete log(s): C:\Users\agnie\Desktop\ztp\ZTP_zad3\.snakemake\log\2026-02-02T212046.026806.snakemake.log
WorkflowError:
At least one job did not complete successfully.
