Assuming unrestricted shared filesystem usage.
host: DESKTOP-8T79RVB
Building DAG of jobs...
Provided cores: 1 (use --cores to define parallelism)
Rules claiming more threads will be scaled down.
Job stats:
job             count
------------  -------
all                 1
pm25_metrics        1
pubmed_fetch        1
report              1
total               4

Select jobs to execute...
Execute 1 jobs...
[Wed Feb  4 14:16:41 2026]
localrule pubmed_fetch:
    output: results/literature/2019/pubmed_papers.csv, results/literature/2019/summary_by_year.csv, results/literature/2019/top_journals.csv, results/literature/2019/papers_by_year.png
    jobid: 5
    reason: Missing output files: results/literature/2019/top_journals.csv, results/literature/2019/papers_by_year.png, results/literature/2019/summary_by_year.csv, results/literature/2019/pubmed_papers.csv
    wildcards: year=2019
    resources: tmpdir=C:\Users\agnie\AppData\Local\Temp
Select jobs to execute...
[Wed Feb  4 14:16:44 2026]
Finished jobid: 5 (Rule: pubmed_fetch)
1 of 4 steps (25%) done
Execute 1 jobs...
[Wed Feb  4 14:16:44 2026]
localrule pm25_metrics:
    output: results/pm25/2019/exceedance_days.csv, results/pm25/2019/monthly_means.csv, results/pm25/2019/figures/monthly_trends.png, results/pm25/2019/figures/exceedance_days.png
    jobid: 3
    reason: Missing output files: results/pm25/2019/figures/exceedance_days.png, results/pm25/2019/monthly_means.csv, results/pm25/2019/figures/monthly_trends.png, results/pm25/2019/exceedance_days.csv
    wildcards: year=2019
    resources: tmpdir=C:\Users\agnie\AppData\Local\Temp
[Wed Feb  4 14:17:21 2026]
Finished jobid: 3 (Rule: pm25_metrics)
2 of 4 steps (50%) done
Select jobs to execute...
Execute 1 jobs...
[Wed Feb  4 14:17:21 2026]
localrule report:
    input: results/pm25/2021/exceedance_days.csv, results/pm25/2019/exceedance_days.csv, results/pm25/2021/monthly_means.csv, results/pm25/2019/monthly_means.csv, results/pm25/2021/figures/monthly_trends.png, results/pm25/2019/figures/monthly_trends.png, results/pm25/2021/figures/exceedance_days.png, results/pm25/2019/figures/exceedance_days.png, results/literature/2021/pubmed_papers.csv, results/literature/2019/pubmed_papers.csv, results/literature/2021/summary_by_year.csv, results/literature/2019/summary_by_year.csv, results/literature/2021/top_journals.csv, results/literature/2019/top_journals.csv, results/literature/2021/papers_by_year.png, results/literature/2019/papers_by_year.png
    output: results/report_task4.md
    jobid: 1
    reason: Input files updated by another job: results/literature/2019/top_journals.csv, results/literature/2019/pubmed_papers.csv, results/pm25/2019/monthly_means.csv, results/literature/2019/summary_by_year.csv, results/pm25/2019/figures/exceedance_days.png, results/literature/2019/papers_by_year.png, results/pm25/2019/figures/monthly_trends.png, results/pm25/2019/exceedance_days.csv; Set of input files has changed since last execution
    resources: tmpdir=C:\Users\agnie\AppData\Local\Temp
[Wed Feb  4 14:17:21 2026]
Finished jobid: 1 (Rule: report)
3 of 4 steps (75%) done
Select jobs to execute...
Execute 1 jobs...
[Wed Feb  4 14:17:21 2026]
localrule all:
    input: results/report_task4.md
    jobid: 0
    reason: Input files updated by another job: results/report_task4.md
    resources: tmpdir=C:\Users\agnie\AppData\Local\Temp
[Wed Feb  4 14:17:21 2026]
Finished jobid: 0 (Rule: all)
4 of 4 steps (100%) done
Complete log(s): C:\Users\agnie\Desktop\ztp\ZTP_zad3\.snakemake\log\2026-02-04T141640.640763.snakemake.log
