Assuming unrestricted shared filesystem usage.
host: DESKTOP-8T79RVB
Building DAG of jobs...
Provided cores: 1 (use --cores to define parallelism)
Rules claiming more threads will be scaled down.
Job stats:
job             count
------------  -------
all                 1
pm25_metrics        1
pubmed_fetch        1
report              1
total               4

Select jobs to execute...
Execute 1 jobs...
[Wed Feb  4 14:33:23 2026]
localrule pubmed_fetch:
    output: results/literature/2018/pubmed_papers.csv, results/literature/2018/summary_by_year.csv, results/literature/2018/top_journals.csv, results/literature/2018/papers_by_year.png
    jobid: 5
    reason: Missing output files: results/literature/2018/top_journals.csv, results/literature/2018/papers_by_year.png, results/literature/2018/pubmed_papers.csv, results/literature/2018/summary_by_year.csv; Code has changed since last execution
    wildcards: year=2018
    resources: tmpdir=C:\Users\agnie\AppData\Local\Temp
Select jobs to execute...
[Wed Feb  4 14:33:26 2026]
Finished jobid: 5 (Rule: pubmed_fetch)
1 of 4 steps (25%) done
Execute 1 jobs...
[Wed Feb  4 14:33:26 2026]
localrule pm25_metrics:
    output: results/pm25/2018/exceedance_days.csv, results/pm25/2018/monthly_means.csv, results/pm25/2018/figures/monthly_trends.png, results/pm25/2018/figures/exceedance_days.png
    jobid: 3
    reason: Missing output files: results/pm25/2018/figures/monthly_trends.png, results/pm25/2018/monthly_means.csv, results/pm25/2018/exceedance_days.csv; Code has changed since last execution
    wildcards: year=2018
    resources: tmpdir=C:\Users\agnie\AppData\Local\Temp
[Wed Feb  4 14:34:01 2026]
Finished jobid: 3 (Rule: pm25_metrics)
2 of 4 steps (50%) done
Select jobs to execute...
Execute 1 jobs...
[Wed Feb  4 14:34:01 2026]
localrule report:
    input: results/pm25/2024/exceedance_days.csv, results/pm25/2018/exceedance_days.csv, results/pm25/2024/monthly_means.csv, results/pm25/2018/monthly_means.csv, results/pm25/2024/figures/monthly_trends.png, results/pm25/2018/figures/monthly_trends.png, results/literature/2024/pubmed_papers.csv, results/literature/2018/pubmed_papers.csv, results/literature/2024/summary_by_year.csv, results/literature/2018/summary_by_year.csv, results/literature/2024/top_journals.csv, results/literature/2018/top_journals.csv, results/literature/2024/papers_by_year.png, results/literature/2018/papers_by_year.png
    output: results/report_task4.md
    jobid: 1
    reason: Input files updated by another job: results/pm25/2018/figures/monthly_trends.png, results/pm25/2018/exceedance_days.csv, results/literature/2018/papers_by_year.png, results/literature/2018/top_journals.csv, results/pm25/2018/monthly_means.csv, results/literature/2018/pubmed_papers.csv, results/literature/2018/summary_by_year.csv
    resources: tmpdir=C:\Users\agnie\AppData\Local\Temp
[Wed Feb  4 14:34:02 2026]
Finished jobid: 1 (Rule: report)
3 of 4 steps (75%) done
Select jobs to execute...
Execute 1 jobs...
[Wed Feb  4 14:34:02 2026]
localrule all:
    input: results/report_task4.md
    jobid: 0
    reason: Input files updated by another job: results/report_task4.md
    resources: tmpdir=C:\Users\agnie\AppData\Local\Temp
[Wed Feb  4 14:34:02 2026]
Finished jobid: 0 (Rule: all)
4 of 4 steps (100%) done
Complete log(s): C:\Users\agnie\Desktop\ztp\ZTP_zad3\.snakemake\log\2026-02-04T143322.879672.snakemake.log
